// Jest Snapshot v1, https://goo.gl/fbAQLP

exports[`ToolsList.render should output correct number of list items 1`] = `
Object {
  "baseElement": <body>
    <div>
      <div
        class="ToolsList"
      >
        <h2>
          Tools
        </h2>
        <li>
          <a
            href="templateUrlPath-0/id-0"
          >
            name-0
          </a>
        </li>
        <li>
          <a
            href="templateUrlPath-1/id-1"
          >
            name-1
          </a>
        </li>
        <li>
          <a
            href="templateUrlPath-2/id-2"
          >
            name-2
          </a>
        </li>
      </div>
    </div>
  </body>,
  "container": <div>
    <div
      class="ToolsList"
    >
      <h2>
        Tools
      </h2>
      <li>
        <a
          href="templateUrlPath-0/id-0"
        >
          name-0
        </a>
      </li>
      <li>
        <a
          href="templateUrlPath-1/id-1"
        >
          name-1
        </a>
      </li>
      <li>
        <a
          href="templateUrlPath-2/id-2"
        >
          name-2
        </a>
      </li>
    </div>
  </div>,
  "debug": [Function],
  "getAllByAltText": [Function],
  "getAllByLabelText": [Function],
  "getAllByPlaceholderText": [Function],
  "getAllByTestId": [Function],
  "getAllByText": [Function],
  "getAllByTitle": [Function],
  "getAllByValue": [Function],
  "getByAltText": [Function],
  "getByLabelText": [Function],
  "getByPlaceholderText": [Function],
  "getByTestId": [Function],
  "getByText": [Function],
  "getByTitle": [Function],
  "getByValue": [Function],
  "queryAllByAltText": [Function],
  "queryAllByLabelText": [Function],
  "queryAllByPlaceholderText": [Function],
  "queryAllByTestId": [Function],
  "queryAllByText": [Function],
  "queryAllByTitle": [Function],
  "queryAllByValue": [Function],
  "queryByAltText": [Function],
  "queryByLabelText": [Function],
  "queryByPlaceholderText": [Function],
  "queryByTestId": [Function],
  "queryByText": [Function],
  "queryByTitle": [Function],
  "queryByValue": [Function],
  "rerender": [Function],
  "unmount": [Function],
}
`;

exports[`ToolsList.render should output header 1`] = `
Object {
  "baseElement": <body>
    <div>
      <div
        class="ToolsList"
      >
        <h2>
          Tools
        </h2>
        <li>
          <a
            href="templateUrlPath-0/id-0"
          >
            name-0
          </a>
        </li>
        <li>
          <a
            href="templateUrlPath-1/id-1"
          >
            name-1
          </a>
        </li>
        <li>
          <a
            href="templateUrlPath-2/id-2"
          >
            name-2
          </a>
        </li>
      </div>
    </div>
  </body>,
  "container": <div>
    <div
      class="ToolsList"
    >
      <h2>
        Tools
      </h2>
      <li>
        <a
          href="templateUrlPath-0/id-0"
        >
          name-0
        </a>
      </li>
      <li>
        <a
          href="templateUrlPath-1/id-1"
        >
          name-1
        </a>
      </li>
      <li>
        <a
          href="templateUrlPath-2/id-2"
        >
          name-2
        </a>
      </li>
    </div>
  </div>,
  "debug": [Function],
  "getAllByAltText": [Function],
  "getAllByLabelText": [Function],
  "getAllByPlaceholderText": [Function],
  "getAllByTestId": [Function],
  "getAllByText": [Function],
  "getAllByTitle": [Function],
  "getAllByValue": [Function],
  "getByAltText": [Function],
  "getByLabelText": [Function],
  "getByPlaceholderText": [Function],
  "getByTestId": [Function],
  "getByText": [Function],
  "getByTitle": [Function],
  "getByValue": [Function],
  "queryAllByAltText": [Function],
  "queryAllByLabelText": [Function],
  "queryAllByPlaceholderText": [Function],
  "queryAllByTestId": [Function],
  "queryAllByText": [Function],
  "queryAllByTitle": [Function],
  "queryAllByValue": [Function],
  "queryByAltText": [Function],
  "queryByLabelText": [Function],
  "queryByPlaceholderText": [Function],
  "queryByTestId": [Function],
  "queryByText": [Function],
  "queryByTitle": [Function],
  "queryByValue": [Function],
  "rerender": [Function],
  "unmount": [Function],
}
`;
